../Core/Src/main.c:49:6:HAL_TIM_IC_CaptureCallback	24	static
../Core/Src/main.c:138:5:main	8888	static
../Core/Src/main.c:214:6:SystemClock_Config	88	static
../Core/Src/main.c:262:13:MX_ADC1_Init	24	static
../Core/Src/main.c:314:13:MX_DAC_Init	16	static
../Core/Src/main.c:354:13:MX_TIM1_Init	32	static
../Core/Src/main.c:400:13:MX_TIM2_Init	32	static
../Core/Src/main.c:445:13:MX_TIM3_Init	48	static
../Core/Src/main.c:503:13:MX_USART2_UART_Init	8	static
../Core/Src/main.c:534:13:MX_DMA_Init	16	static
../Core/Src/main.c:552:13:MX_GPIO_Init	48	static
../Core/Src/main.c:595:5:_write	24	static
../Core/Src/main.c:609:6:Error_Handler	4	static,ignoring_inline_asm
