../Core/Src/main.c:61:6:delay_us	16	static
../Core/Src/main.c:96:5:main	8880	static
../Core/Src/main.c:165:6:SystemClock_Config	88	static
../Core/Src/main.c:213:13:MX_ADC1_Init	24	static
../Core/Src/main.c:265:13:MX_DAC_Init	16	static
../Core/Src/main.c:305:13:MX_TIM1_Init	32	static
../Core/Src/main.c:351:13:MX_TIM2_Init	32	static
../Core/Src/main.c:396:13:MX_TIM3_Init	48	static
../Core/Src/main.c:454:13:MX_USART2_UART_Init	8	static
../Core/Src/main.c:485:13:MX_DMA_Init	16	static
../Core/Src/main.c:503:13:MX_GPIO_Init	48	static
../Core/Src/main.c:536:5:_write	24	static
../Core/Src/main.c:549:6:Error_Handler	4	static,ignoring_inline_asm
